[demo-joomla.chipblue.net/elito/index.html]
[backblue.gif]
[fade.gif]
[index.html]
[demo-joomla.chipblue.net/elito/indexc0d0.php]
[demo-joomla.chipblue.net/elito/index7b17.php]
[demo-joomla.chipblue.net/elito/media/system/images/favicon.ico]
[demo-joomla.chipblue.net/elito/media/system/js/core.minf3a0.js]
[demo-joomla.chipblue.net/elito/media/system/js/messages-es5.minfb0f.js]
[demo-joomla.chipblue.net/elito/media/system/js/messages.minae9f.js]
[code.jquery.com/jquery-latest.pack.js]
[demo-joomla.chipblue.net/elito/images/preloader.png]
[demo-joomla.chipblue.net/elito/images/logo.png]
[demo-joomla.chipblue.net/elito/index-2.html]
[demo-joomla.chipblue.net/elito/index.php/home/home-2.html]
[demo-joomla.chipblue.net/elito/index.php/about.html]
[demo-joomla.chipblue.net/elito/index.php/services.html]
[demo-joomla.chipblue.net/elito/index.php/portfolio.html]
[demo-joomla.chipblue.net/elito/index.php/blog.html]
[demo-joomla.chipblue.net/elito/index.php/contact.html]
[demo-joomla.chipblue.net/elito/images/cv.jpg]
[demo-joomla.chipblue.net/elito/images/slider/1.jpg]
[demo-joomla.chipblue.net/elito/images/slider/line-1.png]
[demo-joomla.chipblue.net/elito/images/slider/line-2.png]
[demo-joomla.chipblue.net/elito/images/about/shape1.png]
[demo-joomla.chipblue.net/elito/images/about/shape2.png]
[demo-joomla.chipblue.net/elito/images/work/1.png]
[demo-joomla.chipblue.net/elito/images/work/2.png]
[demo-joomla.chipblue.net/elito/images/work/3.png]
[demo-joomla.chipblue.net/elito/images/work/4.png]
[demo-joomla.chipblue.net/elito/images/project/img-1.jpg]
[demo-joomla.chipblue.net/elito/images/project/img-2.jpg]
[demo-joomla.chipblue.net/elito/images/project/img-3.jpg]
[demo-joomla.chipblue.net/elito/images/project/line-1.png]
[demo-joomla.chipblue.net/elito/images/project/line-2.png]
[demo-joomla.chipblue.net/elito/images/testimonial/img-1.jpg]
[demo-joomla.chipblue.net/elito/images/testimonial/img-2.jpg]
[demo-joomla.chipblue.net/elito/images/testimonial/img-3.jpg]
[demo-joomla.chipblue.net/elito/images/testimonial/img-4.jpg]
[demo-joomla.chipblue.net/elito/images/testimonial/img-5.jpg]
[demo-joomla.chipblue.net/elito/images/testimonial/img-6.jpg]
[demo-joomla.chipblue.net/elito/images/testimonial/shape.png]
[demo-joomla.chipblue.net/elito/images/blog/img-6.jpg]
[demo-joomla.chipblue.net/elito/index.php/blog/have-evolved-over-the-years-sometimes-accident.html]
[demo-joomla.chipblue.net/elito/images/blog/img-4.jpg]
[demo-joomla.chipblue.net/elito/index.php/blog/the-internet-tend-to-repeat-predefined-chunks.html]
[demo-joomla.chipblue.net/elito/index.php/blog/the-internet-tend-to-repeat-predefined-chunks-2.html]
[demo-joomla.chipblue.net/elito/images/blog/img-5.jpg]
[demo-joomla.chipblue.net/elito/index.php/blog/the-standard-chunk-of-used-since-the-interested.html]
[demo-joomla.chipblue.net/elito/images/1.png]
[demo-joomla.chipblue.net/elito/images/2.png]
[demo-joomla.chipblue.net/elito/images/3.png]
[demo-joomla.chipblue.net/elito/images/4.png]
[demo-joomla.chipblue.net/elito/templates/elito/assets/js/bootstrap.bundle.min.js]
[demo-joomla.chipblue.net/elito/templates/elito/assets/js/jquery.dlmenu.js]
[demo-joomla.chipblue.net/elito/templates/elito/assets/js/jquery-plugin-collection.js]
[demo-joomla.chipblue.net/elito/templates/elito/assets/js/moving-animation.js]
[demo-joomla.chipblue.net/elito/templates/elito/assets/js/script.js]
[demo-joomla.chipblue.net/elito/index.html]
[demo-joomla.chipblue.net/elito/media/system/images/joomla-favicon.svg]
[demo-joomla.chipblue.net/elito/media/system/images/joomla-favicon-pinned.svg]
[demo-joomla.chipblue.net/elito/media/vendor/joomla-custom-elements/css/joomla-alert.min44b7.css]
[demo-joomla.chipblue.net/elito/plugins/system/jce/css/contentd666.css]
[demo-joomla.chipblue.net/elito/templates/elito/assets/fonts/themify9f24.eot]
[demo-joomla.chipblue.net/elito/templates/elito/assets/fonts/themifyd41d.eot]
[demo-joomla.chipblue.net/elito/templates/elito/assets/fonts/themify9f24.woff]
[demo-joomla.chipblue.net/elito/templates/elito/assets/fonts/themify9f24.ttf]
[demo-joomla.chipblue.net/elito/templates/elito/assets/css/themify-icons.css]
[demo-joomla.chipblue.net/elito/templates/elito/assets/fonts/fontawesome-webfont5b62.eot]
[demo-joomla.chipblue.net/elito/templates/elito/assets/fonts/fontawesome-webfontd41d.eot]
[demo-joomla.chipblue.net/elito/templates/elito/assets/fonts/fontawesome-webfont5b62.woff2]
[demo-joomla.chipblue.net/elito/templates/elito/assets/fonts/fontawesome-webfont5b62.woff]
[demo-joomla.chipblue.net/elito/templates/elito/assets/fonts/fontawesome-webfont5b62.ttf]
[demo-joomla.chipblue.net/elito/templates/elito/assets/css/font-awesome.min.css]
[demo-joomla.chipblue.net/elito/templates/elito/assets/fonts/flaticone679.ttf]
[demo-joomla.chipblue.net/elito/templates/elito/assets/fonts/flaticone679.woff]
[demo-joomla.chipblue.net/elito/templates/elito/assets/fonts/flaticone679.woff2]
[demo-joomla.chipblue.net/elito/templates/elito/assets/fonts/flaticone679.eot]
[demo-joomla.chipblue.net/elito/templates/elito/assets/css/flaticon.css]
[demo-joomla.chipblue.net/elito/templates/elito/assets/css/bootstrap.min.css]
[demo-joomla.chipblue.net/elito/templates/elito/assets/css/magnific-popup.css]
[demo-joomla.chipblue.net/elito/templates/elito/assets/css/animate.css]
[demo-joomla.chipblue.net/elito/templates/elito/assets/css/owl.carousel.css]
[demo-joomla.chipblue.net/elito/templates/elito/assets/css/owl.theme.css]
[demo-joomla.chipblue.net/elito/templates/elito/assets/css/slick.css]
[demo-joomla.chipblue.net/elito/templates/elito/assets/images/ajax-loader.gif]
[demo-joomla.chipblue.net/elito/templates/elito/assets/fonts/slick.eot]
[demo-joomla.chipblue.net/elito/templates/elito/assets/fonts/slickd41d.eot]
[demo-joomla.chipblue.net/elito/templates/elito/assets/fonts/slick.woff]
[demo-joomla.chipblue.net/elito/templates/elito/assets/fonts/slick.ttf]
[demo-joomla.chipblue.net/elito/templates/elito/assets/css/slick-theme.css]
[demo-joomla.chipblue.net/elito/templates/elito/assets/css/swiper.min.css]
[demo-joomla.chipblue.net/elito/templates/elito/assets/css/nice-select.css]
[demo-joomla.chipblue.net/elito/templates/elito/assets/css/owl.transitions.css]
[demo-joomla.chipblue.net/elito/templates/elito/assets/images/fancybox/fancybox_sprite.png]
[demo-joomla.chipblue.net/elito/templates/elito/assets/images/fancybox/fancybox_loading.gif]
[demo-joomla.chipblue.net/elito/templates/elito/assets/images/fancybox/blank.gif]
[demo-joomla.chipblue.net/elito/templates/elito/assets/images/fancybox/fancybox_overlay.png]
[demo-joomla.chipblue.net/elito/templates/elito/assets/images/fancybox/fancybox_sprite@2x.png]
[demo-joomla.chipblue.net/elito/templates/elito/assets/images/fancybox/fancybox_loading@2x.gif]
[demo-joomla.chipblue.net/elito/templates/elito/assets/css/jquery.fancybox.css]
[demo-joomla.chipblue.net/elito/templates/elito/assets/css/odometer-theme-default.css]
[demo-joomla.chipblue.net/elito/templates/elito/assets/images/select-icon.png]
[demo-joomla.chipblue.net/elito/templates/elito/assets/images/page-title2.jpg]
[demo-joomla.chipblue.net/elito/templates/elito/assets/images/blog/shape.png]
[demo-joomla.chipblue.net/elito/templates/elito/assets/images/select-icon2.png]
[demo-joomla.chipblue.net/elito/templates/elito/assets/sass/style.css]
[demo-joomla.chipblue.net/elito/templates/elito/assets/css/custom.css]
[demo-joomla.chipblue.net/elito/index-2.html]
[demo-joomla.chipblue.net/elito/index.php/home/home-2c0d0]
[demo-joomla.chipblue.net/elito/index.php/home/home-27b17]
[demo-joomla.chipblue.net/elito/images/about.jpg]
[demo-joomla.chipblue.net/elito/index.php/home/home-2.html]
[demo-joomla.chipblue.net/elito/index.php/aboutc0d0]
[demo-joomla.chipblue.net/elito/index.php/about7b17]
[demo-joomla.chipblue.net/elito/images/page-title2.jpg]
[demo-joomla.chipblue.net/elito/images/about2.jpg]
[demo-joomla.chipblue.net/elito/images/partners/1.png]
[demo-joomla.chipblue.net/elito/images/partners/2.png]
[demo-joomla.chipblue.net/elito/images/partners/3.png]
[demo-joomla.chipblue.net/elito/images/partners/4.png]
[demo-joomla.chipblue.net/elito/index.php/about.html]
[demo-joomla.chipblue.net/elito/index.php/servicesc0d0]
[demo-joomla.chipblue.net/elito/index.php/services7b17]
[demo-joomla.chipblue.net/elito/index.php/services.html]
[demo-joomla.chipblue.net/elito/index.php/portfolioc0d0]
[demo-joomla.chipblue.net/elito/index.php/portfolio7b17]
[demo-joomla.chipblue.net/elito/index.php/portfolio.html]
[demo-joomla.chipblue.net/elito/index.php/blogc0d0]
[demo-joomla.chipblue.net/elito/index.php/blog7b17]
[demo-joomla.chipblue.net/elito/index.php/component/finder/search1662]
[demo-joomla.chipblue.net/elito/media/com_finder/js/finder-es5.min1eb6.js]
[demo-joomla.chipblue.net/elito/media/vendor/awesomplete/js/awesomplete.min75d0.js]
[demo-joomla.chipblue.net/elito/media/com_finder/js/finder.min87ac.js]
[demo-joomla.chipblue.net/elito/images/blog/about-widget.jpg]
[demo-joomla.chipblue.net/elito/images/blog/ab.png]
[demo-joomla.chipblue.net/elito/index.php/blog.html]
[demo-joomla.chipblue.net/elito/index.php/contactc0d0]
[demo-joomla.chipblue.net/elito/index.php/contact7b17]
[demo-joomla.chipblue.net/elito/media/vendor/webcomponentsjs/js/webcomponents-bundle.min783c.js]
[demo-joomla.chipblue.net/elito/media/system/js/joomla-hidden-mail-es5.mind7b0.js]
[demo-joomla.chipblue.net/elito/media/system/js/joomla-hidden-mail.min1cb6.js]
[demo-joomla.chipblue.net/elito/modules/mod_bluecontact/js/modernizr.js]
[demo-joomla.chipblue.net/elito/modules/mod_bluecontact/js/main.js]
[demo-joomla.chipblue.net/elito/index.php/contact.html]
[demo-joomla.chipblue.net/elito/images/icon/photoshop.svg]
[demo-joomla.chipblue.net/elito/images/icon/illustrator.svg]
[demo-joomla.chipblue.net/elito/images/icon/diamond.svg]
[demo-joomla.chipblue.net/elito/images/blog-details/1.jpg]
[demo-joomla.chipblue.net/elito/images/blog-details/2.jpg]
[demo-joomla.chipblue.net/elito/index.php/blog/have-evolved-over-the-years-sometimes-accident.html]
[demo-joomla.chipblue.net/elito/index.php/blog/the-internet-tend-to-repeat-predefined-chunks.html]
[demo-joomla.chipblue.net/elito/index.php/blog/the-internet-tend-to-repeat-predefined-chunks-2.html]
[demo-joomla.chipblue.net/elito/index.php/blog/the-standard-chunk-of-used-since-the-interested.html]
[demo-joomla.chipblue.net/elito/templates/elito/assets/fonts/themify9f24.svg]
[demo-joomla.chipblue.net/elito/templates/elito/assets/fonts/fontawesome-webfont5b62.svg]
[demo-joomla.chipblue.net/elito/templates/elito/assets/fonts/flaticone679.svg]
[demo-joomla.chipblue.net/elito/templates/elito/assets/fonts/slick.svg]
[demo-joomla.chipblue.net/elito/media/vendor/awesomplete/css/awesomplete75d0.css]
[demo-joomla.chipblue.net/elito/modules/mod_bluecontact/css/style.css]
[demo-joomla.chipblue.net/elito/modules/mod_bluecontact/css/modal.css]
[demo-joomla.chipblue.net/elito/service-single.html]
[demo-joomla.chipblue.net/elito/pricing.html]
[demo-joomla.chipblue.net/elito/templates/elito/assets/css/owl.video.play.html]
[demo-joomla.chipblue.net/elito/templates/elito/assets/images/bg-2.html]
[demo-joomla.chipblue.net/elito/templates/elito/assets/images/Single-title-shape2.html]
[demo-joomla.chipblue.net/elito/about.html]
